1/5 tests.test_0...OK
2/5 transformer.test.perf whole MiMo interleaved decode...[expert-exl3] engaged K=2.5 codebook=tiny window=12
[expert-exl3] engaged K=2.5 codebook=tiny window=12
[mimo-source] loading original shards: resident EXL3 experts, in-memory affine8 trunk and split QKV
Precomputing MoE layer weights...
Batch eval all weights: 0ms
MoE routing compiled (hy3 sigmoid variant)
[perf-model] loaded corrected EXL3 ctx=8192 kv=8 mtp=false
[dtype-trace] moe: residual in = bfloat16, first weight = uint32
[mlp] fused SwiGLU kernel engaged: n=16777216 tg=256
[moe] fused router kernel engaged: mode=sigmoid_bias E=256 K=8 tg=256
[exl3-prefill] GPU window metadata engaged experts=256 win=32
[exl3-gemm] win=32 aligned=1 nwin=512 mixed=0 n=8192
[exl3-gemm] n40 two-funnel reader engaged dtype=float16
[exl3-prefill] sorted finish/reduce engaged dtype=bfloat16
[dtype-trace] moe: residual out = bfloat16
[exl3-decode] n40 eight-weight lane reader engaged dtype=bfloat16
[exl3-decode] n40 eight-weight lane reader engaged dtype=bfloat16
[exl3-decode] prepared mid engaged dtype=bfloat16 middle=f16 after down-input Hadamard
[perf-width] rows=1 round=0 rep=12 arm=0 ns=32714208
[perf-width] rows=1 round=0 rep=12 arm=1 ns=31969959
[perf-width] rows=1 round=0 rep=13 arm=1 ns=30824500
[perf-width] rows=1 round=0 rep=13 arm=0 ns=32095958
[perf-width] rows=1 round=0 rep=14 arm=0 ns=32657209
[perf-width] rows=1 round=0 rep=14 arm=1 ns=31752791
[perf-width] rows=1 round=0 rep=15 arm=1 ns=30559584
[perf-width] rows=1 round=0 rep=15 arm=0 ns=32690125
[perf-width] rows=1 round=0 rep=16 arm=0 ns=32791084
[perf-width] rows=1 round=0 rep=16 arm=1 ns=30369958
[perf-width] rows=1 round=0 rep=17 arm=1 ns=31328042
[perf-width] rows=1 round=0 rep=17 arm=0 ns=32927541
[perf-width] rows=1 round=0 rep=18 arm=0 ns=32760416
[perf-width] rows=1 round=0 rep=18 arm=1 ns=31384916
[perf-width] rows=1 round=0 rep=19 arm=1 ns=31375542
[perf-width] rows=1 round=0 rep=19 arm=0 ns=32649875
[perf-width] rows=1 round=0 rep=20 arm=0 ns=32512375
[perf-width] rows=1 round=0 rep=20 arm=1 ns=30346667
[perf-width] rows=1 round=1 rep=21 arm=1 ns=31698833
[perf-width] rows=1 round=1 rep=21 arm=0 ns=31286417
[perf-width] rows=1 round=1 rep=22 arm=0 ns=31193542
[perf-width] rows=1 round=1 rep=22 arm=1 ns=30278500
[perf-width] rows=1 round=1 rep=23 arm=1 ns=30722458
[perf-width] rows=1 round=1 rep=23 arm=0 ns=31471833
[perf-width] rows=1 round=1 rep=24 arm=0 ns=31145166
[perf-width] rows=1 round=1 rep=24 arm=1 ns=29990208
[perf-width] rows=1 round=1 rep=25 arm=1 ns=29876584
[perf-width] rows=1 round=1 rep=25 arm=0 ns=31302791
[perf-width] rows=1 round=1 rep=26 arm=0 ns=31089958
[perf-width] rows=1 round=1 rep=26 arm=1 ns=29726000
[perf-width] rows=1 round=1 rep=27 arm=1 ns=29881667
[perf-width] rows=1 round=1 rep=27 arm=0 ns=31071833
[perf-width] rows=1 round=1 rep=28 arm=0 ns=31321792
[perf-width] rows=1 round=1 rep=28 arm=1 ns=29759292
[perf-width] rows=1 round=1 rep=29 arm=1 ns=29814583
[perf-width] rows=1 round=1 rep=29 arm=0 ns=31047459
[perf-width] rows=1 round=2 rep=30 arm=0 ns=31243792
[perf-width] rows=1 round=2 rep=30 arm=1 ns=29886000
[perf-width] rows=1 round=2 rep=31 arm=1 ns=29889792
[perf-width] rows=1 round=2 rep=31 arm=0 ns=31327084
[perf-width] rows=1 round=2 rep=32 arm=0 ns=31319459
[perf-width] rows=1 round=2 rep=32 arm=1 ns=30426584
[perf-width] rows=1 round=2 rep=33 arm=1 ns=30064042
[perf-width] rows=1 round=2 rep=33 arm=0 ns=31408542
[perf-width] rows=1 round=2 rep=34 arm=0 ns=32734458
[perf-width] rows=1 round=2 rep=34 arm=1 ns=31396666
[perf-width] rows=1 round=2 rep=35 arm=1 ns=31327250
[perf-width] rows=1 round=2 rep=35 arm=0 ns=33013209
[perf-width] rows=1 round=2 rep=36 arm=0 ns=32957083
[perf-width] rows=1 round=2 rep=36 arm=1 ns=32386417
[perf-width] rows=1 round=2 rep=37 arm=1 ns=31320333
[perf-width] rows=1 round=2 rep=37 arm=0 ns=32579667
[perf-width] rows=1 round=2 rep=38 arm=0 ns=32475250
[perf-width] rows=1 round=2 rep=38 arm=1 ns=32492166
[perf-width] rows=1 identical argmax at fixed kv=1024
[sliding] block trim engaged: window=128 q_len=2 span=129 kv=129 of 1026 (MLX_SERVE_SLIDING_BLOCK_TRIM=0 restores the untrimmed view)
[mtp-qmv] row-identical affine8 projections engaged
[perf-width] rows=2 round=0 rep=12 arm=0 ns=50955000
[perf-width] rows=2 round=0 rep=12 arm=1 ns=49154792
[perf-width] rows=2 round=0 rep=13 arm=1 ns=48785000
[perf-width] rows=2 round=0 rep=13 arm=0 ns=51269333
[perf-width] rows=2 round=0 rep=14 arm=0 ns=50951208
[perf-width] rows=2 round=0 rep=14 arm=1 ns=48435500
[perf-width] rows=2 round=0 rep=15 arm=1 ns=48469125
[perf-width] rows=2 round=0 rep=15 arm=0 ns=51228250
[perf-width] rows=2 round=0 rep=16 arm=0 ns=51027125
[perf-width] rows=2 round=0 rep=16 arm=1 ns=48762458
[perf-width] rows=2 round=0 rep=17 arm=1 ns=48448833
[perf-width] rows=2 round=0 rep=17 arm=0 ns=51039959
[perf-width] rows=2 round=0 rep=18 arm=0 ns=51140334
[perf-width] rows=2 round=0 rep=18 arm=1 ns=48586375
[perf-width] rows=2 round=0 rep=19 arm=1 ns=48631541
[perf-width] rows=2 round=0 rep=19 arm=0 ns=54931209
[perf-width] rows=2 round=0 rep=20 arm=0 ns=51100458
[perf-width] rows=2 round=0 rep=20 arm=1 ns=48414750
[perf-width] rows=2 round=1 rep=21 arm=1 ns=48296083
[perf-width] rows=2 round=1 rep=21 arm=0 ns=51184791
[perf-width] rows=2 round=1 rep=22 arm=0 ns=50953666
[perf-width] rows=2 round=1 rep=22 arm=1 ns=47839292
[perf-width] rows=2 round=1 rep=23 arm=1 ns=48525250
[perf-width] rows=2 round=1 rep=23 arm=0 ns=50889667
[perf-width] rows=2 round=1 rep=24 arm=0 ns=50811375
[perf-width] rows=2 round=1 rep=24 arm=1 ns=48684166
[perf-width] rows=2 round=1 rep=25 arm=1 ns=48485791
[perf-width] rows=2 round=1 rep=25 arm=0 ns=52238000
[perf-width] rows=2 round=1 rep=26 arm=0 ns=50308167
[perf-width] rows=2 round=1 rep=26 arm=1 ns=48956334
[perf-width] rows=2 round=1 rep=27 arm=1 ns=48718125
[perf-width] rows=2 round=1 rep=27 arm=0 ns=51189042
[perf-width] rows=2 round=1 rep=28 arm=0 ns=51128459
[perf-width] rows=2 round=1 rep=28 arm=1 ns=48294042
[perf-width] rows=2 round=1 rep=29 arm=1 ns=48437208
[perf-width] rows=2 round=1 rep=29 arm=0 ns=51280625
[perf-width] rows=2 round=2 rep=30 arm=0 ns=50938541
[perf-width] rows=2 round=2 rep=30 arm=1 ns=48931083
[perf-width] rows=2 round=2 rep=31 arm=1 ns=48510542
[perf-width] rows=2 round=2 rep=31 arm=0 ns=51025083
[perf-width] rows=2 round=2 rep=32 arm=0 ns=51035833
[perf-width] rows=2 round=2 rep=32 arm=1 ns=48120875
[perf-width] rows=2 round=2 rep=33 arm=1 ns=48389209
[perf-width] rows=2 round=2 rep=33 arm=0 ns=50995791
[perf-width] rows=2 round=2 rep=34 arm=0 ns=50744375
[perf-width] rows=2 round=2 rep=34 arm=1 ns=48369917
[perf-width] rows=2 round=2 rep=35 arm=1 ns=48406583
[perf-width] rows=2 round=2 rep=35 arm=0 ns=51122375
[perf-width] rows=2 round=2 rep=36 arm=0 ns=50899917
[perf-width] rows=2 round=2 rep=36 arm=1 ns=48987084
[perf-width] rows=2 round=2 rep=37 arm=1 ns=48375125
[perf-width] rows=2 round=2 rep=37 arm=0 ns=51067917
[perf-width] rows=2 round=2 rep=38 arm=0 ns=51128292
[perf-width] rows=2 round=2 rep=38 arm=1 ns=48443250
[perf-width] rows=2 identical argmax at fixed kv=1024
[perf-width] rows=3 round=0 rep=12 arm=0 ns=67911125
[perf-width] rows=3 round=0 rep=12 arm=1 ns=64445875
[perf-width] rows=3 round=0 rep=13 arm=1 ns=64157791
[perf-width] rows=3 round=0 rep=13 arm=0 ns=67533458
[perf-width] rows=3 round=0 rep=14 arm=0 ns=68168791
[perf-width] rows=3 round=0 rep=14 arm=1 ns=64182458
[perf-width] rows=3 round=0 rep=15 arm=1 ns=64712917
[perf-width] rows=3 round=0 rep=15 arm=0 ns=66941458
[perf-width] rows=3 round=0 rep=16 arm=0 ns=68193459
[perf-width] rows=3 round=0 rep=16 arm=1 ns=64062958
[perf-width] rows=3 round=0 rep=17 arm=1 ns=64099875
[perf-width] rows=3 round=0 rep=17 arm=0 ns=68157667
[perf-width] rows=3 round=0 rep=18 arm=0 ns=68045292
[perf-width] rows=3 round=0 rep=18 arm=1 ns=64639375
[perf-width] rows=3 round=0 rep=19 arm=1 ns=64080750
[perf-width] rows=3 round=0 rep=19 arm=0 ns=69068584
[perf-width] rows=3 round=0 rep=20 arm=0 ns=68040958
[perf-width] rows=3 round=0 rep=20 arm=1 ns=64241375
[perf-width] rows=3 round=1 rep=21 arm=1 ns=64378958
[perf-width] rows=3 round=1 rep=21 arm=0 ns=68043083
[perf-width] rows=3 round=1 rep=22 arm=0 ns=68051708
[perf-width] rows=3 round=1 rep=22 arm=1 ns=64927084
[perf-width] rows=3 round=1 rep=23 arm=1 ns=64084625
[perf-width] rows=3 round=1 rep=23 arm=0 ns=68046875
[perf-width] rows=3 round=1 rep=24 arm=0 ns=68209958
[perf-width] rows=3 round=1 rep=24 arm=1 ns=64269333
[perf-width] rows=3 round=1 rep=25 arm=1 ns=64095875
[perf-width] rows=3 round=1 rep=25 arm=0 ns=68025416
[perf-width] rows=3 round=1 rep=26 arm=0 ns=68056750
[perf-width] rows=3 round=1 rep=26 arm=1 ns=64272416
[perf-width] rows=3 round=1 rep=27 arm=1 ns=64097125
[perf-width] rows=3 round=1 rep=27 arm=0 ns=68144125
[perf-width] rows=3 round=1 rep=28 arm=0 ns=67966709
[perf-width] rows=3 round=1 rep=28 arm=1 ns=64212083
[perf-width] rows=3 round=1 rep=29 arm=1 ns=74995708
[perf-width] rows=3 round=1 rep=29 arm=0 ns=80950458
[perf-width] rows=3 round=2 rep=30 arm=0 ns=70059875
[perf-width] rows=3 round=2 rep=30 arm=1 ns=64620542
[perf-width] rows=3 round=2 rep=31 arm=1 ns=64385083
[perf-width] rows=3 round=2 rep=31 arm=0 ns=68392083
[perf-width] rows=3 round=2 rep=32 arm=0 ns=68345125
[perf-width] rows=3 round=2 rep=32 arm=1 ns=64359875
[perf-width] rows=3 round=2 rep=33 arm=1 ns=64347959
[perf-width] rows=3 round=2 rep=33 arm=0 ns=68255958
[perf-width] rows=3 round=2 rep=34 arm=0 ns=68020583
[perf-width] rows=3 round=2 rep=34 arm=1 ns=64190333
[perf-width] rows=3 round=2 rep=35 arm=1 ns=63163542
[perf-width] rows=3 round=2 rep=35 arm=0 ns=67983375
[perf-width] rows=3 round=2 rep=36 arm=0 ns=68009208
[perf-width] rows=3 round=2 rep=36 arm=1 ns=64282417
[perf-width] rows=3 round=2 rep=37 arm=1 ns=65254167
[perf-width] rows=3 round=2 rep=37 arm=0 ns=66804083
[perf-width] rows=3 round=2 rep=38 arm=0 ns=68032459
[perf-width] rows=3 round=2 rep=38 arm=1 ns=64191041
[perf-width] rows=3 identical argmax at fixed kv=1024
[perf-width] rows=4 round=0 rep=12 arm=0 ns=85067875
[perf-width] rows=4 round=0 rep=12 arm=1 ns=80255833
[perf-width] rows=4 round=0 rep=13 arm=1 ns=80220250
[perf-width] rows=4 round=0 rep=13 arm=0 ns=85487375
[perf-width] rows=4 round=0 rep=14 arm=0 ns=85139709
[perf-width] rows=4 round=0 rep=14 arm=1 ns=80693250
[perf-width] rows=4 round=0 rep=15 arm=1 ns=80048291
[perf-width] rows=4 round=0 rep=15 arm=0 ns=85270125
[perf-width] rows=4 round=0 rep=16 arm=0 ns=85378208
[perf-width] rows=4 round=0 rep=16 arm=1 ns=81586875
[perf-width] rows=4 round=0 rep=17 arm=1 ns=80138416
[perf-width] rows=4 round=0 rep=17 arm=0 ns=85539500
[perf-width] rows=4 round=0 rep=18 arm=0 ns=85283250
[perf-width] rows=4 round=0 rep=18 arm=1 ns=80402417
[perf-width] rows=4 round=0 rep=19 arm=1 ns=80172834
[perf-width] rows=4 round=0 rep=19 arm=0 ns=85522000
[perf-width] rows=4 round=0 rep=20 arm=0 ns=84988167
[perf-width] rows=4 round=0 rep=20 arm=1 ns=81304167
[perf-width] rows=4 round=1 rep=21 arm=1 ns=79972375
[perf-width] rows=4 round=1 rep=21 arm=0 ns=85303209
[perf-width] rows=4 round=1 rep=22 arm=0 ns=85177791
[perf-width] rows=4 round=1 rep=22 arm=1 ns=84268500
[perf-width] rows=4 round=1 rep=23 arm=1 ns=80147916
[perf-width] rows=4 round=1 rep=23 arm=0 ns=85657459
[perf-width] rows=4 round=1 rep=24 arm=0 ns=85603333
[perf-width] rows=4 round=1 rep=24 arm=1 ns=79908333
[perf-width] rows=4 round=1 rep=25 arm=1 ns=78738208
[perf-width] rows=4 round=1 rep=25 arm=0 ns=85258792
[perf-width] rows=4 round=1 rep=26 arm=0 ns=85065667
[perf-width] rows=4 round=1 rep=26 arm=1 ns=81754875
[perf-width] rows=4 round=1 rep=27 arm=1 ns=80382375
[perf-width] rows=4 round=1 rep=27 arm=0 ns=85224958
[perf-width] rows=4 round=1 rep=28 arm=0 ns=85968792
[perf-width] rows=4 round=1 rep=28 arm=1 ns=79872750
[perf-width] rows=4 round=1 rep=29 arm=1 ns=80107792
[perf-width] rows=4 round=1 rep=29 arm=0 ns=85476541
[perf-width] rows=4 round=2 rep=30 arm=0 ns=85390750
[perf-width] rows=4 round=2 rep=30 arm=1 ns=80207125
[perf-width] rows=4 round=2 rep=31 arm=1 ns=80186833
[perf-width] rows=4 round=2 rep=31 arm=0 ns=85423625
[perf-width] rows=4 round=2 rep=32 arm=0 ns=85216125
[perf-width] rows=4 round=2 rep=32 arm=1 ns=81653458
[perf-width] rows=4 round=2 rep=33 arm=1 ns=80305125
[perf-width] rows=4 round=2 rep=33 arm=0 ns=88428875
[perf-width] rows=4 round=2 rep=34 arm=0 ns=85421542
[perf-width] rows=4 round=2 rep=34 arm=1 ns=78984250
[perf-width] rows=4 round=2 rep=35 arm=1 ns=80319875
[perf-width] rows=4 round=2 rep=35 arm=0 ns=85342500
[perf-width] rows=4 round=2 rep=36 arm=0 ns=85503292
[perf-width] rows=4 round=2 rep=36 arm=1 ns=79993750
[perf-width] rows=4 round=2 rep=37 arm=1 ns=80183000
[perf-width] rows=4 round=2 rep=37 arm=0 ns=85208125
[perf-width] rows=4 round=2 rep=38 arm=0 ns=85077959
[perf-width] rows=4 round=2 rep=38 arm=1 ns=81251416
[perf-width] rows=4 identical argmax at fixed kv=1024
[perf-width] rows=5 round=0 rep=12 arm=0 ns=102931750
[perf-width] rows=5 round=0 rep=12 arm=1 ns=95790000
[perf-width] rows=5 round=0 rep=13 arm=1 ns=95778666
[perf-width] rows=5 round=0 rep=13 arm=0 ns=102584416
[perf-width] rows=5 round=0 rep=14 arm=0 ns=102771334
[perf-width] rows=5 round=0 rep=14 arm=1 ns=94895792
[perf-width] rows=5 round=0 rep=15 arm=1 ns=95417583
[perf-width] rows=5 round=0 rep=15 arm=0 ns=103047709
[perf-width] rows=5 round=0 rep=16 arm=0 ns=101164625
[perf-width] rows=5 round=0 rep=16 arm=1 ns=96140750
[perf-width] rows=5 round=0 rep=17 arm=1 ns=96428208
[perf-width] rows=5 round=0 rep=17 arm=0 ns=103199916
[perf-width] rows=5 round=0 rep=18 arm=0 ns=101885541
[perf-width] rows=5 round=0 rep=18 arm=1 ns=96465209
[perf-width] rows=5 round=0 rep=19 arm=1 ns=95960875
[perf-width] rows=5 round=0 rep=19 arm=0 ns=102558083
[perf-width] rows=5 round=0 rep=20 arm=0 ns=102085208
[perf-width] rows=5 round=0 rep=20 arm=1 ns=95792042
[perf-width] rows=5 round=1 rep=21 arm=1 ns=99109167
[perf-width] rows=5 round=1 rep=21 arm=0 ns=102460166
[perf-width] rows=5 round=1 rep=22 arm=0 ns=102319833
[perf-width] rows=5 round=1 rep=22 arm=1 ns=96455875
[perf-width] rows=5 round=1 rep=23 arm=1 ns=96045792
[perf-width] rows=5 round=1 rep=23 arm=0 ns=102974541
[perf-width] rows=5 round=1 rep=24 arm=0 ns=102555500
[perf-width] rows=5 round=1 rep=24 arm=1 ns=97053791
[perf-width] rows=5 round=1 rep=25 arm=1 ns=95712417
[perf-width] rows=5 round=1 rep=25 arm=0 ns=102307917
[perf-width] rows=5 round=1 rep=26 arm=0 ns=102308875
[perf-width] rows=5 round=1 rep=26 arm=1 ns=96028292
[perf-width] rows=5 round=1 rep=27 arm=1 ns=96655917
[perf-width] rows=5 round=1 rep=27 arm=0 ns=102089084
[perf-width] rows=5 round=1 rep=28 arm=0 ns=102055333
[perf-width] rows=5 round=1 rep=28 arm=1 ns=95650125
[perf-width] rows=5 round=1 rep=29 arm=1 ns=96412375
[perf-width] rows=5 round=1 rep=29 arm=0 ns=102536875
[perf-width] rows=5 round=2 rep=30 arm=0 ns=102706500
[perf-width] rows=5 round=2 rep=30 arm=1 ns=96095000
[perf-width] rows=5 round=2 rep=31 arm=1 ns=100454750
[perf-width] rows=5 round=2 rep=31 arm=0 ns=102698417
[perf-width] rows=5 round=2 rep=32 arm=0 ns=103298625
[perf-width] rows=5 round=2 rep=32 arm=1 ns=96096375
[perf-width] rows=5 round=2 rep=33 arm=1 ns=96419125
[perf-width] rows=5 round=2 rep=33 arm=0 ns=102837584
[perf-width] rows=5 round=2 rep=34 arm=0 ns=101970875
[perf-width] rows=5 round=2 rep=34 arm=1 ns=98060917
[perf-width] rows=5 round=2 rep=35 arm=1 ns=96677666
[perf-width] rows=5 round=2 rep=35 arm=0 ns=102294667
[perf-width] rows=5 round=2 rep=36 arm=0 ns=102315750
[perf-width] rows=5 round=2 rep=36 arm=1 ns=96317250
[perf-width] rows=5 round=2 rep=37 arm=1 ns=97332708
[perf-width] rows=5 round=2 rep=37 arm=0 ns=103262041
[perf-width] rows=5 round=2 rep=38 arm=0 ns=103098208
[perf-width] rows=5 round=2 rep=38 arm=1 ns=95566083
[perf-width] rows=5 identical argmax at fixed kv=1024
[perf-width] rows=6 round=0 rep=12 arm=0 ns=120181125
[perf-width] rows=6 round=0 rep=12 arm=1 ns=109985667
[perf-width] rows=6 round=0 rep=13 arm=1 ns=124358792
[perf-width] rows=6 round=0 rep=13 arm=0 ns=126136958
[perf-width] rows=6 round=0 rep=14 arm=0 ns=122368042
[perf-width] rows=6 round=0 rep=14 arm=1 ns=112617875
[perf-width] rows=6 round=0 rep=15 arm=1 ns=112062917
[perf-width] rows=6 round=0 rep=15 arm=0 ns=118869500
[perf-width] rows=6 round=0 rep=16 arm=0 ns=120394000
[perf-width] rows=6 round=0 rep=16 arm=1 ns=110273459
[perf-width] rows=6 round=0 rep=17 arm=1 ns=121014000
[perf-width] rows=6 round=0 rep=17 arm=0 ns=119134958
[perf-width] rows=6 round=0 rep=18 arm=0 ns=119926000
[perf-width] rows=6 round=0 rep=18 arm=1 ns=110375709
[perf-width] rows=6 round=0 rep=19 arm=1 ns=111805750
[perf-width] rows=6 round=0 rep=19 arm=0 ns=118718834
[perf-width] rows=6 round=0 rep=20 arm=0 ns=118662417
[perf-width] rows=6 round=0 rep=20 arm=1 ns=109582375
[perf-width] rows=6 round=1 rep=21 arm=1 ns=109893459
[perf-width] rows=6 round=1 rep=21 arm=0 ns=120452500
[perf-width] rows=6 round=1 rep=22 arm=0 ns=122172083
[perf-width] rows=6 round=1 rep=22 arm=1 ns=113184125
[perf-width] rows=6 round=1 rep=23 arm=1 ns=113075125
[perf-width] rows=6 round=1 rep=23 arm=0 ns=120508500
[perf-width] rows=6 round=1 rep=24 arm=0 ns=121116083
[perf-width] rows=6 round=1 rep=24 arm=1 ns=111865375
[perf-width] rows=6 round=1 rep=25 arm=1 ns=110265583
[perf-width] rows=6 round=1 rep=25 arm=0 ns=119873916
[perf-width] rows=6 round=1 rep=26 arm=0 ns=120087709
[perf-width] rows=6 round=1 rep=26 arm=1 ns=110394708
[perf-width] rows=6 round=1 rep=27 arm=1 ns=112008250
[perf-width] rows=6 round=1 rep=27 arm=0 ns=119779708
[perf-width] rows=6 round=1 rep=28 arm=0 ns=119686833
[perf-width] rows=6 round=1 rep=28 arm=1 ns=110684417
[perf-width] rows=6 round=1 rep=29 arm=1 ns=111148041
[perf-width] rows=6 round=1 rep=29 arm=0 ns=120275916
[perf-width] rows=6 round=2 rep=30 arm=0 ns=120573833
[perf-width] rows=6 round=2 rep=30 arm=1 ns=111290292
[perf-width] rows=6 round=2 rep=31 arm=1 ns=112708500
[perf-width] rows=6 round=2 rep=31 arm=0 ns=122006708
[perf-width] rows=6 round=2 rep=32 arm=0 ns=121016500
[perf-width] rows=6 round=2 rep=32 arm=1 ns=111060250
[perf-width] rows=6 round=2 rep=33 arm=1 ns=112514708
[perf-width] rows=6 round=2 rep=33 arm=0 ns=119660667
[perf-width] rows=6 round=2 rep=34 arm=0 ns=121067458
[perf-width] rows=6 round=2 rep=34 arm=1 ns=110750167
[perf-width] rows=6 round=2 rep=35 arm=1 ns=111799958
[perf-width] rows=6 round=2 rep=35 arm=0 ns=122773958
[perf-width] rows=6 round=2 rep=36 arm=0 ns=121414708
[perf-width] rows=6 round=2 rep=36 arm=1 ns=113229750
[perf-width] rows=6 round=2 rep=37 arm=1 ns=111824792
[perf-width] rows=6 round=2 rep=37 arm=0 ns=121353250
[perf-width] rows=6 round=2 rep=38 arm=0 ns=121590667
[perf-width] rows=6 round=2 rep=38 arm=1 ns=112547667
[perf-width] rows=6 identical argmax at fixed kv=1024
[perf-width] rows=7 round=0 rep=12 arm=0 ns=142890084
[perf-width] rows=7 round=0 rep=12 arm=1 ns=133139208
[perf-width] rows=7 round=0 rep=13 arm=1 ns=131290625
[perf-width] rows=7 round=0 rep=13 arm=0 ns=142276791
[perf-width] rows=7 round=0 rep=14 arm=0 ns=143717250
[perf-width] rows=7 round=0 rep=14 arm=1 ns=132259333
[perf-width] rows=7 round=0 rep=15 arm=1 ns=132071917
[perf-width] rows=7 round=0 rep=15 arm=0 ns=143431000
[perf-width] rows=7 round=0 rep=16 arm=0 ns=143401375
[perf-width] rows=7 round=0 rep=16 arm=1 ns=133332084
[perf-width] rows=7 round=0 rep=17 arm=1 ns=132040500
[perf-width] rows=7 round=0 rep=17 arm=0 ns=144568333
[perf-width] rows=7 round=0 rep=18 arm=0 ns=145138625
[perf-width] rows=7 round=0 rep=18 arm=1 ns=132096125
[perf-width] rows=7 round=0 rep=19 arm=1 ns=129984708
[perf-width] rows=7 round=0 rep=19 arm=0 ns=142642167
[perf-width] rows=7 round=0 rep=20 arm=0 ns=144154834
[perf-width] rows=7 round=0 rep=20 arm=1 ns=134828083
[perf-width] rows=7 round=1 rep=21 arm=1 ns=136808708
[perf-width] rows=7 round=1 rep=21 arm=0 ns=144061875
[perf-width] rows=7 round=1 rep=22 arm=0 ns=143945375
[perf-width] rows=7 round=1 rep=22 arm=1 ns=132214375
[perf-width] rows=7 round=1 rep=23 arm=1 ns=132291500
[perf-width] rows=7 round=1 rep=23 arm=0 ns=145180250
[perf-width] rows=7 round=1 rep=24 arm=0 ns=144010375
[perf-width] rows=7 round=1 rep=24 arm=1 ns=133175917
[perf-width] rows=7 round=1 rep=25 arm=1 ns=133091708
[perf-width] rows=7 round=1 rep=25 arm=0 ns=144012500
[perf-width] rows=7 round=1 rep=26 arm=0 ns=144776958
[perf-width] rows=7 round=1 rep=26 arm=1 ns=133102333
[perf-width] rows=7 round=1 rep=27 arm=1 ns=131730667
[perf-width] rows=7 round=1 rep=27 arm=0 ns=142834000
[perf-width] rows=7 round=1 rep=28 arm=0 ns=144559333
[perf-width] rows=7 round=1 rep=28 arm=1 ns=133250834
[perf-width] rows=7 round=1 rep=29 arm=1 ns=131957167
[perf-width] rows=7 round=1 rep=29 arm=0 ns=143342833
[perf-width] rows=7 round=2 rep=30 arm=0 ns=144307584
[perf-width] rows=7 round=2 rep=30 arm=1 ns=133153750
[perf-width] rows=7 round=2 rep=31 arm=1 ns=135412208
[perf-width] rows=7 round=2 rep=31 arm=0 ns=146197000
[perf-width] rows=7 round=2 rep=32 arm=0 ns=142486458
[perf-width] rows=7 round=2 rep=32 arm=1 ns=132137167
[perf-width] rows=7 round=2 rep=33 arm=1 ns=132528625
[perf-width] rows=7 round=2 rep=33 arm=0 ns=141711083
[perf-width] rows=7 round=2 rep=34 arm=0 ns=143697208
[perf-width] rows=7 round=2 rep=34 arm=1 ns=133341042
[perf-width] rows=7 round=2 rep=35 arm=1 ns=133155417
[perf-width] rows=7 round=2 rep=35 arm=0 ns=145192167
[perf-width] rows=7 round=2 rep=36 arm=0 ns=144152209
[perf-width] rows=7 round=2 rep=36 arm=1 ns=133133584
[perf-width] rows=7 round=2 rep=37 arm=1 ns=132711958
[perf-width] rows=7 round=2 rep=37 arm=0 ns=143231833
[perf-width] rows=7 round=2 rep=38 arm=0 ns=144409000
[perf-width] rows=7 round=2 rep=38 arm=1 ns=136888416
[perf-width] rows=7 identical argmax at fixed kv=1024
[perf-width] rows=8 round=0 rep=12 arm=0 ns=160882166
[perf-width] rows=8 round=0 rep=12 arm=1 ns=146733292
[perf-width] rows=8 round=0 rep=13 arm=1 ns=146990125
[perf-width] rows=8 round=0 rep=13 arm=0 ns=159632250
[perf-width] rows=8 round=0 rep=14 arm=0 ns=160761583
[perf-width] rows=8 round=0 rep=14 arm=1 ns=148394875
[perf-width] rows=8 round=0 rep=15 arm=1 ns=148041334
[perf-width] rows=8 round=0 rep=15 arm=0 ns=160376833
[perf-width] rows=8 round=0 rep=16 arm=0 ns=160958667
[perf-width] rows=8 round=0 rep=16 arm=1 ns=147582625
[perf-width] rows=8 round=0 rep=17 arm=1 ns=147056083
[perf-width] rows=8 round=0 rep=17 arm=0 ns=159497791
[perf-width] rows=8 round=0 rep=18 arm=0 ns=161411917
[perf-width] rows=8 round=0 rep=18 arm=1 ns=149650791
[perf-width] rows=8 round=0 rep=19 arm=1 ns=147938500
[perf-width] rows=8 round=0 rep=19 arm=0 ns=160448625
[perf-width] rows=8 round=0 rep=20 arm=0 ns=160503750
[perf-width] rows=8 round=0 rep=20 arm=1 ns=147336667
[perf-width] rows=8 round=1 rep=21 arm=1 ns=147700458
[perf-width] rows=8 round=1 rep=21 arm=0 ns=160454792
[perf-width] rows=8 round=1 rep=22 arm=0 ns=161308666
[perf-width] rows=8 round=1 rep=22 arm=1 ns=150162000
[perf-width] rows=8 round=1 rep=23 arm=1 ns=147391000
[perf-width] rows=8 round=1 rep=23 arm=0 ns=160417166
[perf-width] rows=8 round=1 rep=24 arm=0 ns=160059541
[perf-width] rows=8 round=1 rep=24 arm=1 ns=148612041
[perf-width] rows=8 round=1 rep=25 arm=1 ns=147487833
[perf-width] rows=8 round=1 rep=25 arm=0 ns=160329542
[perf-width] rows=8 round=1 rep=26 arm=0 ns=161497750
[perf-width] rows=8 round=1 rep=26 arm=1 ns=148057625
[perf-width] rows=8 round=1 rep=27 arm=1 ns=147953166
[perf-width] rows=8 round=1 rep=27 arm=0 ns=159884875
[perf-width] rows=8 round=1 rep=28 arm=0 ns=159830167
[perf-width] rows=8 round=1 rep=28 arm=1 ns=148815291
[perf-width] rows=8 round=1 rep=29 arm=1 ns=148825708
[perf-width] rows=8 round=1 rep=29 arm=0 ns=161223500
[perf-width] rows=8 round=2 rep=30 arm=0 ns=159455083
[perf-width] rows=8 round=2 rep=30 arm=1 ns=149557625
[perf-width] rows=8 round=2 rep=31 arm=1 ns=148733333
[perf-width] rows=8 round=2 rep=31 arm=0 ns=158094584
[perf-width] rows=8 round=2 rep=32 arm=0 ns=160648083
[perf-width] rows=8 round=2 rep=32 arm=1 ns=146716209
[perf-width] rows=8 round=2 rep=33 arm=1 ns=148539583
[perf-width] rows=8 round=2 rep=33 arm=0 ns=159125708
[perf-width] rows=8 round=2 rep=34 arm=0 ns=161780417
[perf-width] rows=8 round=2 rep=34 arm=1 ns=150743958
[perf-width] rows=8 round=2 rep=35 arm=1 ns=148517167
[perf-width] rows=8 round=2 rep=35 arm=0 ns=160253083
[perf-width] rows=8 round=2 rep=36 arm=0 ns=160067208
[perf-width] rows=8 round=2 rep=36 arm=1 ns=148662000
[perf-width] rows=8 round=2 rep=37 arm=1 ns=147115000
[perf-width] rows=8 round=2 rep=37 arm=0 ns=160407625
[perf-width] rows=8 round=2 rep=38 arm=0 ns=160124333
[perf-width] rows=8 round=2 rep=38 arm=1 ns=148881083
[perf-width] rows=8 identical argmax at fixed kv=1024
[perf-greedy] round=0 arm=0 tokens=200 ns=6689989953
[perf-greedy] round=0 arm=1 tokens=200 ns=6509528464
[perf-greedy] round=1 arm=1 tokens=200 ns=6441705290
[perf-greedy] round=1 arm=0 tokens=200 ns=6678263919
[perf-greedy] round=2 arm=0 tokens=200 ns=6615473465
[perf-greedy] round=2 arm=1 tokens=200 ns=6357618253
[perf-model] greedy216 byte-identical across three pairs
OK
3/5 transformer.test.perf rewind restores KV and MoE positions together...OK
4/5 preview.test_0...OK
5/5 expert_exl3_perf_harness.test.perf interleaved decode...SKIP
4 passed; 1 skipped; 0 failed.
