1/3 tests.test_0...OK
2/3 preview.test_0...OK
3/3 expert_exl3_perf_harness.test.perf interleaved decode...[exl3-decode] n40 eight-weight lane reader engaged dtype=bfloat16
[exl3-decode] n40 eight-weight lane reader engaged dtype=bfloat16
[exl3-decode] prepared mid engaged dtype=bfloat16 middle=f16 after down-input Hadamard
DECODE rows=1 round=0 rep=100 arm=0 ns=510375
DECODE rows=1 round=0 rep=100 arm=1 ns=494083
DECODE rows=1 round=0 rep=101 arm=1 ns=481833
DECODE rows=1 round=0 rep=101 arm=0 ns=529000
DECODE rows=1 round=0 rep=102 arm=0 ns=521917
DECODE rows=1 round=0 rep=102 arm=1 ns=501000
DECODE rows=1 round=0 rep=103 arm=1 ns=494875
DECODE rows=1 round=0 rep=103 arm=0 ns=506625
DECODE rows=1 round=0 rep=104 arm=0 ns=526833
DECODE rows=1 round=0 rep=104 arm=1 ns=483083
DECODE rows=1 round=0 rep=105 arm=1 ns=455375
DECODE rows=1 round=0 rep=105 arm=0 ns=526833
DECODE rows=1 round=0 rep=106 arm=0 ns=526167
DECODE rows=1 round=0 rep=106 arm=1 ns=492458
DECODE rows=1 round=0 rep=107 arm=1 ns=483500
DECODE rows=1 round=0 rep=107 arm=0 ns=499833
DECODE rows=1 round=0 rep=108 arm=0 ns=528750
DECODE rows=1 round=0 rep=108 arm=1 ns=488000
DECODE rows=1 round=1 rep=100 arm=1 ns=496291
DECODE rows=1 round=1 rep=100 arm=0 ns=526000
DECODE rows=1 round=1 rep=101 arm=0 ns=502584
DECODE rows=1 round=1 rep=101 arm=1 ns=484250
DECODE rows=1 round=1 rep=102 arm=1 ns=460750
DECODE rows=1 round=1 rep=102 arm=0 ns=524208
DECODE rows=1 round=1 rep=103 arm=0 ns=509583
DECODE rows=1 round=1 rep=103 arm=1 ns=472959
DECODE rows=1 round=1 rep=104 arm=1 ns=462500
DECODE rows=1 round=1 rep=104 arm=0 ns=524541
DECODE rows=1 round=1 rep=105 arm=0 ns=548666
DECODE rows=1 round=1 rep=105 arm=1 ns=507167
DECODE rows=1 round=1 rep=106 arm=1 ns=484500
DECODE rows=1 round=1 rep=106 arm=0 ns=531291
DECODE rows=1 round=1 rep=107 arm=0 ns=503416
DECODE rows=1 round=1 rep=107 arm=1 ns=500084
DECODE rows=1 round=1 rep=108 arm=1 ns=485834
DECODE rows=1 round=1 rep=108 arm=0 ns=504917
DECODE rows=1 round=2 rep=100 arm=0 ns=502166
DECODE rows=1 round=2 rep=100 arm=1 ns=509875
DECODE rows=1 round=2 rep=101 arm=1 ns=482250
DECODE rows=1 round=2 rep=101 arm=0 ns=506417
DECODE rows=1 round=2 rep=102 arm=0 ns=528833
DECODE rows=1 round=2 rep=102 arm=1 ns=480541
DECODE rows=1 round=2 rep=103 arm=1 ns=494917
DECODE rows=1 round=2 rep=103 arm=0 ns=512958
DECODE rows=1 round=2 rep=104 arm=0 ns=500625
DECODE rows=1 round=2 rep=104 arm=1 ns=478333
DECODE rows=1 round=2 rep=105 arm=1 ns=481625
DECODE rows=1 round=2 rep=105 arm=0 ns=516791
DECODE rows=1 round=2 rep=106 arm=0 ns=529666
DECODE rows=1 round=2 rep=106 arm=1 ns=481959
DECODE rows=1 round=2 rep=107 arm=1 ns=460792
DECODE rows=1 round=2 rep=107 arm=0 ns=556000
DECODE rows=1 round=2 rep=108 arm=0 ns=517375
DECODE rows=1 round=2 rep=108 arm=1 ns=480208
DECODE rows=2 round=0 rep=100 arm=0 ns=623000
DECODE rows=2 round=0 rep=100 arm=1 ns=564209
DECODE rows=2 round=0 rep=101 arm=1 ns=564125
DECODE rows=2 round=0 rep=101 arm=0 ns=632584
DECODE rows=2 round=0 rep=102 arm=0 ns=614625
DECODE rows=2 round=0 rep=102 arm=1 ns=566208
DECODE rows=2 round=0 rep=103 arm=1 ns=611542
DECODE rows=2 round=0 rep=103 arm=0 ns=617208
DECODE rows=2 round=0 rep=104 arm=0 ns=689458
DECODE rows=2 round=0 rep=104 arm=1 ns=766500
DECODE rows=2 round=0 rep=105 arm=1 ns=572958
DECODE rows=2 round=0 rep=105 arm=0 ns=605375
DECODE rows=2 round=0 rep=106 arm=0 ns=617583
DECODE rows=2 round=0 rep=106 arm=1 ns=573667
DECODE rows=2 round=0 rep=107 arm=1 ns=573209
DECODE rows=2 round=0 rep=107 arm=0 ns=622792
DECODE rows=2 round=0 rep=108 arm=0 ns=637666
DECODE rows=2 round=0 rep=108 arm=1 ns=575084
DECODE rows=2 round=1 rep=100 arm=1 ns=580125
DECODE rows=2 round=1 rep=100 arm=0 ns=644791
DECODE rows=2 round=1 rep=101 arm=0 ns=635208
DECODE rows=2 round=1 rep=101 arm=1 ns=575542
DECODE rows=2 round=1 rep=102 arm=1 ns=577666
DECODE rows=2 round=1 rep=102 arm=0 ns=613000
DECODE rows=2 round=1 rep=103 arm=0 ns=627334
DECODE rows=2 round=1 rep=103 arm=1 ns=560500
DECODE rows=2 round=1 rep=104 arm=1 ns=580125
DECODE rows=2 round=1 rep=104 arm=0 ns=631792
DECODE rows=2 round=1 rep=105 arm=0 ns=626291
DECODE rows=2 round=1 rep=105 arm=1 ns=568917
DECODE rows=2 round=1 rep=106 arm=1 ns=563916
DECODE rows=2 round=1 rep=106 arm=0 ns=601959
DECODE rows=2 round=1 rep=107 arm=0 ns=621041
DECODE rows=2 round=1 rep=107 arm=1 ns=574083
DECODE rows=2 round=1 rep=108 arm=1 ns=565667
DECODE rows=2 round=1 rep=108 arm=0 ns=611833
DECODE rows=2 round=2 rep=100 arm=0 ns=598125
DECODE rows=2 round=2 rep=100 arm=1 ns=563500
DECODE rows=2 round=2 rep=101 arm=1 ns=567459
DECODE rows=2 round=2 rep=101 arm=0 ns=614708
DECODE rows=2 round=2 rep=102 arm=0 ns=618209
DECODE rows=2 round=2 rep=102 arm=1 ns=569042
DECODE rows=2 round=2 rep=103 arm=1 ns=558166
DECODE rows=2 round=2 rep=103 arm=0 ns=609000
DECODE rows=2 round=2 rep=104 arm=0 ns=616834
DECODE rows=2 round=2 rep=104 arm=1 ns=543917
DECODE rows=2 round=2 rep=105 arm=1 ns=570792
DECODE rows=2 round=2 rep=105 arm=0 ns=623875
DECODE rows=2 round=2 rep=106 arm=0 ns=594375
DECODE rows=2 round=2 rep=106 arm=1 ns=581708
DECODE rows=2 round=2 rep=107 arm=1 ns=573583
DECODE rows=2 round=2 rep=107 arm=0 ns=617791
DECODE rows=2 round=2 rep=108 arm=0 ns=621000
DECODE rows=2 round=2 rep=108 arm=1 ns=560833
DECODE rows=3 round=0 rep=100 arm=0 ns=842167
DECODE rows=3 round=0 rep=100 arm=1 ns=749292
DECODE rows=3 round=0 rep=101 arm=1 ns=728167
DECODE rows=3 round=0 rep=101 arm=0 ns=826750
DECODE rows=3 round=0 rep=102 arm=0 ns=829667
DECODE rows=3 round=0 rep=102 arm=1 ns=741208
DECODE rows=3 round=0 rep=103 arm=1 ns=741000
DECODE rows=3 round=0 rep=103 arm=0 ns=826834
DECODE rows=3 round=0 rep=104 arm=0 ns=834250
DECODE rows=3 round=0 rep=104 arm=1 ns=737917
DECODE rows=3 round=0 rep=105 arm=1 ns=734000
DECODE rows=3 round=0 rep=105 arm=0 ns=819958
DECODE rows=3 round=0 rep=106 arm=0 ns=824750
DECODE rows=3 round=0 rep=106 arm=1 ns=757083
DECODE rows=3 round=0 rep=107 arm=1 ns=726167
DECODE rows=3 round=0 rep=107 arm=0 ns=788666
DECODE rows=3 round=0 rep=108 arm=0 ns=815458
DECODE rows=3 round=0 rep=108 arm=1 ns=722916
DECODE rows=3 round=1 rep=100 arm=1 ns=714875
DECODE rows=3 round=1 rep=100 arm=0 ns=813125
DECODE rows=3 round=1 rep=101 arm=0 ns=792458
DECODE rows=3 round=1 rep=101 arm=1 ns=736375
DECODE rows=3 round=1 rep=102 arm=1 ns=740833
DECODE rows=3 round=1 rep=102 arm=0 ns=819625
DECODE rows=3 round=1 rep=103 arm=0 ns=818667
DECODE rows=3 round=1 rep=103 arm=1 ns=816208
DECODE rows=3 round=1 rep=104 arm=1 ns=736750
DECODE rows=3 round=1 rep=104 arm=0 ns=817750
DECODE rows=3 round=1 rep=105 arm=0 ns=800833
DECODE rows=3 round=1 rep=105 arm=1 ns=737041
DECODE rows=3 round=1 rep=106 arm=1 ns=740541
DECODE rows=3 round=1 rep=106 arm=0 ns=794167
DECODE rows=3 round=1 rep=107 arm=0 ns=816875
DECODE rows=3 round=1 rep=107 arm=1 ns=735791
DECODE rows=3 round=1 rep=108 arm=1 ns=721458
DECODE rows=3 round=1 rep=108 arm=0 ns=819166
DECODE rows=3 round=2 rep=100 arm=0 ns=819041
DECODE rows=3 round=2 rep=100 arm=1 ns=734958
DECODE rows=3 round=2 rep=101 arm=1 ns=723042
DECODE rows=3 round=2 rep=101 arm=0 ns=815541
DECODE rows=3 round=2 rep=102 arm=0 ns=819875
DECODE rows=3 round=2 rep=102 arm=1 ns=713875
DECODE rows=3 round=2 rep=103 arm=1 ns=734125
DECODE rows=3 round=2 rep=103 arm=0 ns=791667
DECODE rows=3 round=2 rep=104 arm=0 ns=793333
DECODE rows=3 round=2 rep=104 arm=1 ns=735917
DECODE rows=3 round=2 rep=105 arm=1 ns=715583
DECODE rows=3 round=2 rep=105 arm=0 ns=833083
DECODE rows=3 round=2 rep=106 arm=0 ns=798125
DECODE rows=3 round=2 rep=106 arm=1 ns=741084
DECODE rows=3 round=2 rep=107 arm=1 ns=743584
DECODE rows=3 round=2 rep=107 arm=0 ns=802541
DECODE rows=3 round=2 rep=108 arm=0 ns=817166
DECODE rows=3 round=2 rep=108 arm=1 ns=716375
DECODE rows=4 round=0 rep=100 arm=0 ns=1022084
DECODE rows=4 round=0 rep=100 arm=1 ns=926583
DECODE rows=4 round=0 rep=101 arm=1 ns=888792
DECODE rows=4 round=0 rep=101 arm=0 ns=1004375
DECODE rows=4 round=0 rep=102 arm=0 ns=977542
DECODE rows=4 round=0 rep=102 arm=1 ns=915458
DECODE rows=4 round=0 rep=103 arm=1 ns=919167
DECODE rows=4 round=0 rep=103 arm=0 ns=1051959
DECODE rows=4 round=0 rep=104 arm=0 ns=1059667
DECODE rows=4 round=0 rep=104 arm=1 ns=861875
DECODE rows=4 round=0 rep=105 arm=1 ns=932792
DECODE rows=4 round=0 rep=105 arm=0 ns=1031417
DECODE rows=4 round=0 rep=106 arm=0 ns=1035292
DECODE rows=4 round=0 rep=106 arm=1 ns=926042
DECODE rows=4 round=0 rep=107 arm=1 ns=920792
DECODE rows=4 round=0 rep=107 arm=0 ns=1022083
DECODE rows=4 round=0 rep=108 arm=0 ns=993708
DECODE rows=4 round=0 rep=108 arm=1 ns=922084
DECODE rows=4 round=1 rep=100 arm=1 ns=904083
DECODE rows=4 round=1 rep=100 arm=0 ns=1030584
DECODE rows=4 round=1 rep=101 arm=0 ns=1026667
DECODE rows=4 round=1 rep=101 arm=1 ns=920458
DECODE rows=4 round=1 rep=102 arm=1 ns=912708
DECODE rows=4 round=1 rep=102 arm=0 ns=1022708
DECODE rows=4 round=1 rep=103 arm=0 ns=1024875
DECODE rows=4 round=1 rep=103 arm=1 ns=915833
DECODE rows=4 round=1 rep=104 arm=1 ns=891334
DECODE rows=4 round=1 rep=104 arm=0 ns=993000
DECODE rows=4 round=1 rep=105 arm=0 ns=1022792
DECODE rows=4 round=1 rep=105 arm=1 ns=918333
DECODE rows=4 round=1 rep=106 arm=1 ns=900792
DECODE rows=4 round=1 rep=106 arm=0 ns=1021209
DECODE rows=4 round=1 rep=107 arm=0 ns=1016208
DECODE rows=4 round=1 rep=107 arm=1 ns=944667
DECODE rows=4 round=1 rep=108 arm=1 ns=920958
DECODE rows=4 round=1 rep=108 arm=0 ns=1031375
DECODE rows=4 round=2 rep=100 arm=0 ns=1032792
DECODE rows=4 round=2 rep=100 arm=1 ns=950709
DECODE rows=4 round=2 rep=101 arm=1 ns=932375
DECODE rows=4 round=2 rep=101 arm=0 ns=1037208
DECODE rows=4 round=2 rep=102 arm=0 ns=1003500
DECODE rows=4 round=2 rep=102 arm=1 ns=891750
DECODE rows=4 round=2 rep=103 arm=1 ns=913833
DECODE rows=4 round=2 rep=103 arm=0 ns=1030833
DECODE rows=4 round=2 rep=104 arm=0 ns=1004875
DECODE rows=4 round=2 rep=104 arm=1 ns=901542
DECODE rows=4 round=2 rep=105 arm=1 ns=920375
DECODE rows=4 round=2 rep=105 arm=0 ns=1037208
DECODE rows=4 round=2 rep=106 arm=0 ns=1041000
DECODE rows=4 round=2 rep=106 arm=1 ns=913625
DECODE rows=4 round=2 rep=107 arm=1 ns=888417
DECODE rows=4 round=2 rep=107 arm=0 ns=1003625
DECODE rows=4 round=2 rep=108 arm=0 ns=1028292
DECODE rows=4 round=2 rep=108 arm=1 ns=920209
DECODE rows=5 round=0 rep=100 arm=0 ns=1216333
DECODE rows=5 round=0 rep=100 arm=1 ns=1069417
DECODE rows=5 round=0 rep=101 arm=1 ns=1100542
DECODE rows=5 round=0 rep=101 arm=0 ns=1237209
DECODE rows=5 round=0 rep=102 arm=0 ns=1227667
DECODE rows=5 round=0 rep=102 arm=1 ns=1097417
DECODE rows=5 round=0 rep=103 arm=1 ns=1094708
DECODE rows=5 round=0 rep=103 arm=0 ns=1238125
DECODE rows=5 round=0 rep=104 arm=0 ns=1244458
DECODE rows=5 round=0 rep=104 arm=1 ns=1111417
DECODE rows=5 round=0 rep=105 arm=1 ns=1129667
DECODE rows=5 round=0 rep=105 arm=0 ns=1249334
DECODE rows=5 round=0 rep=106 arm=0 ns=1218750
DECODE rows=5 round=0 rep=106 arm=1 ns=1113083
DECODE rows=5 round=0 rep=107 arm=1 ns=1078167
DECODE rows=5 round=0 rep=107 arm=0 ns=1228042
DECODE rows=5 round=0 rep=108 arm=0 ns=1217417
DECODE rows=5 round=0 rep=108 arm=1 ns=1098250
DECODE rows=5 round=1 rep=100 arm=1 ns=3351750
DECODE rows=5 round=1 rep=100 arm=0 ns=1441667
DECODE rows=5 round=1 rep=101 arm=0 ns=1313916
DECODE rows=5 round=1 rep=101 arm=1 ns=1133250
DECODE rows=5 round=1 rep=102 arm=1 ns=1153250
DECODE rows=5 round=1 rep=102 arm=0 ns=1257250
DECODE rows=5 round=1 rep=103 arm=0 ns=1288500
DECODE rows=5 round=1 rep=103 arm=1 ns=1148708
DECODE rows=5 round=1 rep=104 arm=1 ns=1097250
DECODE rows=5 round=1 rep=104 arm=0 ns=1370083
DECODE rows=5 round=1 rep=105 arm=0 ns=1356208
DECODE rows=5 round=1 rep=105 arm=1 ns=1104916
DECODE rows=5 round=1 rep=106 arm=1 ns=1078291
DECODE rows=5 round=1 rep=106 arm=0 ns=1178375
DECODE rows=5 round=1 rep=107 arm=0 ns=1196833
DECODE rows=5 round=1 rep=107 arm=1 ns=1057167
DECODE rows=5 round=1 rep=108 arm=1 ns=1046833
DECODE rows=5 round=1 rep=108 arm=0 ns=1181084
DECODE rows=5 round=2 rep=100 arm=0 ns=1228625
DECODE rows=5 round=2 rep=100 arm=1 ns=1111625
DECODE rows=5 round=2 rep=101 arm=1 ns=1093375
DECODE rows=5 round=2 rep=101 arm=0 ns=1236833
DECODE rows=5 round=2 rep=102 arm=0 ns=1226417
DECODE rows=5 round=2 rep=102 arm=1 ns=1075750
DECODE rows=5 round=2 rep=103 arm=1 ns=1078542
DECODE rows=5 round=2 rep=103 arm=0 ns=1205459
DECODE rows=5 round=2 rep=104 arm=0 ns=1200334
DECODE rows=5 round=2 rep=104 arm=1 ns=1098583
DECODE rows=5 round=2 rep=105 arm=1 ns=1098708
DECODE rows=5 round=2 rep=105 arm=0 ns=1264459
DECODE rows=5 round=2 rep=106 arm=0 ns=1224125
DECODE rows=5 round=2 rep=106 arm=1 ns=1083875
DECODE rows=5 round=2 rep=107 arm=1 ns=1089750
DECODE rows=5 round=2 rep=107 arm=0 ns=1252250
DECODE rows=5 round=2 rep=108 arm=0 ns=1250458
DECODE rows=5 round=2 rep=108 arm=1 ns=1093875
DECODE rows=6 round=0 rep=100 arm=0 ns=1416000
DECODE rows=6 round=0 rep=100 arm=1 ns=1265875
DECODE rows=6 round=0 rep=101 arm=1 ns=1296875
DECODE rows=6 round=0 rep=101 arm=0 ns=1442916
DECODE rows=6 round=0 rep=102 arm=0 ns=1459458
DECODE rows=6 round=0 rep=102 arm=1 ns=1305750
DECODE rows=6 round=0 rep=103 arm=1 ns=1330666
DECODE rows=6 round=0 rep=103 arm=0 ns=1533334
DECODE rows=6 round=0 rep=104 arm=0 ns=1549000
DECODE rows=6 round=0 rep=104 arm=1 ns=1309000
DECODE rows=6 round=0 rep=105 arm=1 ns=1254583
DECODE rows=6 round=0 rep=105 arm=0 ns=1441584
DECODE rows=6 round=0 rep=106 arm=0 ns=1455292
DECODE rows=6 round=0 rep=106 arm=1 ns=1319917
DECODE rows=6 round=0 rep=107 arm=1 ns=1273333
DECODE rows=6 round=0 rep=107 arm=0 ns=1459834
DECODE rows=6 round=0 rep=108 arm=0 ns=1444000
DECODE rows=6 round=0 rep=108 arm=1 ns=1274500
DECODE rows=6 round=1 rep=100 arm=1 ns=1268666
DECODE rows=6 round=1 rep=100 arm=0 ns=1467959
DECODE rows=6 round=1 rep=101 arm=0 ns=1444917
DECODE rows=6 round=1 rep=101 arm=1 ns=1267958
DECODE rows=6 round=1 rep=102 arm=1 ns=1268584
DECODE rows=6 round=1 rep=102 arm=0 ns=1449208
DECODE rows=6 round=1 rep=103 arm=0 ns=1447916
DECODE rows=6 round=1 rep=103 arm=1 ns=1265458
DECODE rows=6 round=1 rep=104 arm=1 ns=1241250
DECODE rows=6 round=1 rep=104 arm=0 ns=1437000
DECODE rows=6 round=1 rep=105 arm=0 ns=1432792
DECODE rows=6 round=1 rep=105 arm=1 ns=1244375
DECODE rows=6 round=1 rep=106 arm=1 ns=1300917
DECODE rows=6 round=1 rep=106 arm=0 ns=1411583
DECODE rows=6 round=1 rep=107 arm=0 ns=1413667
DECODE rows=6 round=1 rep=107 arm=1 ns=1246000
DECODE rows=6 round=1 rep=108 arm=1 ns=1259959
DECODE rows=6 round=1 rep=108 arm=0 ns=1435209
DECODE rows=6 round=2 rep=100 arm=0 ns=1433083
DECODE rows=6 round=2 rep=100 arm=1 ns=1256625
DECODE rows=6 round=2 rep=101 arm=1 ns=1257083
DECODE rows=6 round=2 rep=101 arm=0 ns=1429583
DECODE rows=6 round=2 rep=102 arm=0 ns=1439708
DECODE rows=6 round=2 rep=102 arm=1 ns=1256333
DECODE rows=6 round=2 rep=103 arm=1 ns=1232125
DECODE rows=6 round=2 rep=103 arm=0 ns=1428417
DECODE rows=6 round=2 rep=104 arm=0 ns=1401000
DECODE rows=6 round=2 rep=104 arm=1 ns=1254583
DECODE rows=6 round=2 rep=105 arm=1 ns=1252667
DECODE rows=6 round=2 rep=105 arm=0 ns=1398458
DECODE rows=6 round=2 rep=106 arm=0 ns=1436167
DECODE rows=6 round=2 rep=106 arm=1 ns=1257250
DECODE rows=6 round=2 rep=107 arm=1 ns=1262500
DECODE rows=6 round=2 rep=107 arm=0 ns=1436500
DECODE rows=6 round=2 rep=108 arm=0 ns=1401583
DECODE rows=6 round=2 rep=108 arm=1 ns=1283209
DECODE rows=7 round=0 rep=100 arm=0 ns=1624209
DECODE rows=7 round=0 rep=100 arm=1 ns=1434292
DECODE rows=7 round=0 rep=101 arm=1 ns=1423833
DECODE rows=7 round=0 rep=101 arm=0 ns=1627833
DECODE rows=7 round=0 rep=102 arm=0 ns=1617500
DECODE rows=7 round=0 rep=102 arm=1 ns=1444417
DECODE rows=7 round=0 rep=103 arm=1 ns=1449209
DECODE rows=7 round=0 rep=103 arm=0 ns=1669042
DECODE rows=7 round=0 rep=104 arm=0 ns=1619500
DECODE rows=7 round=0 rep=104 arm=1 ns=1492500
DECODE rows=7 round=0 rep=105 arm=1 ns=1534250
DECODE rows=7 round=0 rep=105 arm=0 ns=1702875
DECODE rows=7 round=0 rep=106 arm=0 ns=1631500
DECODE rows=7 round=0 rep=106 arm=1 ns=1446208
DECODE rows=7 round=0 rep=107 arm=1 ns=1442583
DECODE rows=7 round=0 rep=107 arm=0 ns=1659625
DECODE rows=7 round=0 rep=108 arm=0 ns=1623458
DECODE rows=7 round=0 rep=108 arm=1 ns=1446459
DECODE rows=7 round=1 rep=100 arm=1 ns=1414500
DECODE rows=7 round=1 rep=100 arm=0 ns=1647416
DECODE rows=7 round=1 rep=101 arm=0 ns=1674583
DECODE rows=7 round=1 rep=101 arm=1 ns=1469791
DECODE rows=7 round=1 rep=102 arm=1 ns=1447667
DECODE rows=7 round=1 rep=102 arm=0 ns=1652584
DECODE rows=7 round=1 rep=103 arm=0 ns=1687458
DECODE rows=7 round=1 rep=103 arm=1 ns=1475458
DECODE rows=7 round=1 rep=104 arm=1 ns=1472500
DECODE rows=7 round=1 rep=104 arm=0 ns=1672708
DECODE rows=7 round=1 rep=105 arm=0 ns=1701000
DECODE rows=7 round=1 rep=105 arm=1 ns=1502167
DECODE rows=7 round=1 rep=106 arm=1 ns=1519666
DECODE rows=7 round=1 rep=106 arm=0 ns=1691458
DECODE rows=7 round=1 rep=107 arm=0 ns=1667542
DECODE rows=7 round=1 rep=107 arm=1 ns=1459083
DECODE rows=7 round=1 rep=108 arm=1 ns=1448542
DECODE rows=7 round=1 rep=108 arm=0 ns=1654042
DECODE rows=7 round=2 rep=100 arm=0 ns=1619292
DECODE rows=7 round=2 rep=100 arm=1 ns=1442292
DECODE rows=7 round=2 rep=101 arm=1 ns=1445417
DECODE rows=7 round=2 rep=101 arm=0 ns=1647375
DECODE rows=7 round=2 rep=102 arm=0 ns=1647500
DECODE rows=7 round=2 rep=102 arm=1 ns=1426958
DECODE rows=7 round=2 rep=103 arm=1 ns=1447291
DECODE rows=7 round=2 rep=103 arm=0 ns=1644917
DECODE rows=7 round=2 rep=104 arm=0 ns=1617916
DECODE rows=7 round=2 rep=104 arm=1 ns=1438208
DECODE rows=7 round=2 rep=105 arm=1 ns=1437000
DECODE rows=7 round=2 rep=105 arm=0 ns=1643125
DECODE rows=7 round=2 rep=106 arm=0 ns=1646125
DECODE rows=7 round=2 rep=106 arm=1 ns=1447500
DECODE rows=7 round=2 rep=107 arm=1 ns=1438667
DECODE rows=7 round=2 rep=107 arm=0 ns=1648875
DECODE rows=7 round=2 rep=108 arm=0 ns=1699708
DECODE rows=7 round=2 rep=108 arm=1 ns=1481584
DECODE rows=8 round=0 rep=100 arm=0 ns=1821833
DECODE rows=8 round=0 rep=100 arm=1 ns=1626458
DECODE rows=8 round=0 rep=101 arm=1 ns=1615000
DECODE rows=8 round=0 rep=101 arm=0 ns=1839959
DECODE rows=8 round=0 rep=102 arm=0 ns=1842584
DECODE rows=8 round=0 rep=102 arm=1 ns=1668000
DECODE rows=8 round=0 rep=103 arm=1 ns=1622625
DECODE rows=8 round=0 rep=103 arm=0 ns=1826292
DECODE rows=8 round=0 rep=104 arm=0 ns=1847250
DECODE rows=8 round=0 rep=104 arm=1 ns=1605125
DECODE rows=8 round=0 rep=105 arm=1 ns=1620791
DECODE rows=8 round=0 rep=105 arm=0 ns=1825875
DECODE rows=8 round=0 rep=106 arm=0 ns=1849125
DECODE rows=8 round=0 rep=106 arm=1 ns=1609250
DECODE rows=8 round=0 rep=107 arm=1 ns=1606667
DECODE rows=8 round=0 rep=107 arm=0 ns=1846208
DECODE rows=8 round=0 rep=108 arm=0 ns=1822542
DECODE rows=8 round=0 rep=108 arm=1 ns=1652000
DECODE rows=8 round=1 rep=100 arm=1 ns=1620625
DECODE rows=8 round=1 rep=100 arm=0 ns=1849459
DECODE rows=8 round=1 rep=101 arm=0 ns=1844291
DECODE rows=8 round=1 rep=101 arm=1 ns=1613167
DECODE rows=8 round=1 rep=102 arm=1 ns=1616291
DECODE rows=8 round=1 rep=102 arm=0 ns=1852250
DECODE rows=8 round=1 rep=103 arm=0 ns=1846916
DECODE rows=8 round=1 rep=103 arm=1 ns=1620084
DECODE rows=8 round=1 rep=104 arm=1 ns=1616750
DECODE rows=8 round=1 rep=104 arm=0 ns=1921917
DECODE rows=8 round=1 rep=105 arm=0 ns=1846250
DECODE rows=8 round=1 rep=105 arm=1 ns=1591125
DECODE rows=8 round=1 rep=106 arm=1 ns=1617500
DECODE rows=8 round=1 rep=106 arm=0 ns=1846583
DECODE rows=8 round=1 rep=107 arm=0 ns=1850958
DECODE rows=8 round=1 rep=107 arm=1 ns=1616583
DECODE rows=8 round=1 rep=108 arm=1 ns=1619917
DECODE rows=8 round=1 rep=108 arm=0 ns=1835250
DECODE rows=8 round=2 rep=100 arm=0 ns=1836375
DECODE rows=8 round=2 rep=100 arm=1 ns=1636208
DECODE rows=8 round=2 rep=101 arm=1 ns=1635166
DECODE rows=8 round=2 rep=101 arm=0 ns=1872083
DECODE rows=8 round=2 rep=102 arm=0 ns=1868000
DECODE rows=8 round=2 rep=102 arm=1 ns=1621375
DECODE rows=8 round=2 rep=103 arm=1 ns=1653167
DECODE rows=8 round=2 rep=103 arm=0 ns=1861333
DECODE rows=8 round=2 rep=104 arm=0 ns=1839875
DECODE rows=8 round=2 rep=104 arm=1 ns=1626000
DECODE rows=8 round=2 rep=105 arm=1 ns=1663291
DECODE rows=8 round=2 rep=105 arm=0 ns=1864584
DECODE rows=8 round=2 rep=106 arm=0 ns=1853792
DECODE rows=8 round=2 rep=106 arm=1 ns=1672583
DECODE rows=8 round=2 rep=107 arm=1 ns=1657125
DECODE rows=8 round=2 rep=107 arm=0 ns=1866041
DECODE rows=8 round=2 rep=108 arm=0 ns=1856250
DECODE rows=8 round=2 rep=108 arm=1 ns=1643125
OK
All 3 tests passed.
